// 重构日志: 793e196a
// 重构日志: e3fe5bb2
// 重构日志: 394e0def
// 同步 ID: 498c89f4 @ Fri Jul 10 11:00:28 UTC 2026
// 重构日志: 573b8983
// 重构日志: abdee3e4
// 重构日志: a2f72b41
// 重构日志: 89e869ff
// 重构日志: 68574e76
// 重构日志: cd1db0fa
// 重构日志: 2d74a3da
// 同步 ID: d8bb0edf @ Wed Jul 22 13:30:55 UTC 2026
// 重构日志: 59227863
// 重构日志: eb0188b4
// 重构日志: 747fc678
// 同步 ID: 0289de84 @ Sat Jul 25 15:55:37 UTC 2026
// 同步 ID: 9e7604d3 @ Sun Jul 26 23:01:38 UTC 2026
// 同步 ID: 9cb7e1d4 @ Mon Jul 27 11:05:10 UTC 2026
// 同步 ID: be5850fe @ Tue Jul 28 21:23:47 UTC 2026
// 重构日志: b13e0248
// 重构日志: fe9e0b21
// 同步 ID: 26466252 @ Mon Aug  3 05:59:56 UTC 2026
// 同步 ID: 11c01227 @ Mon Aug  3 13:40:58 UTC 2026
// 重构日志: 0b0a8433
// 重构日志: 45553175
// 重构日志: e716c0cd
// 重构日志: 8423e703
// 同步 ID: 1862d537 @ Fri Aug  7 09:20:36 UTC 2026
// 重构日志: 6add246b
